<html>
<body>
<pre>
<h1>µVision Build Log</h1>
<h2>Project:</h2>
C:\Users\Admin\Desktop\1053\VS1053\Project\SD.uvproj
Project File Date:  07/26/2017

<h2>Output:</h2>
Rebuild target 'Target 1'
compiling core_cm3.c...
compiling system_stm32f10x.c...
compiling misc.c...
compiling stm32f10x_gpio.c...
compiling stm32f10x_rcc.c...
compiling stm32f10x_spi.c...
compiling stm32f10x_usart.c...
compiling stm32f10x_adc.c...
compiling stm32f10x_exti.c...
compiling stm32f10x_tim.c...
assembling startup_stm32f10x_cl.s...
compiling main.c...
compiling mmc_sd.c...
compiling stm32f10x_it.c...
compiling VS.c...
compiling touch.c...
compiling ini.c...
compiling LCD.c...
compiling play.c...
..\code\play.c(741): warning:  #111-D: statement is unreachable
compiling file.c...
compiling ds18b.c...
compiling pwm.c...
linking...
Program Size: Code=31964 RO-data=368 RW-data=12632 ZI-data=19040  
FromELF: creating hex file...
"SD.axf" - 0 Error(s), 1 Warning(s).
Build target 'Target 1'
linking...
Program Size: Code=31964 RO-data=368 RW-data=12632 ZI-data=19040  
FromELF: creating hex file...
"SD.axf" - 0 Error(s), 0 Warning(s).
Build target 'Target 1'
linking...
Program Size: Code=31964 RO-data=368 RW-data=12632 ZI-data=19040  
FromELF: creating hex file...
"SD.axf" - 0 Error(s), 0 Warning(s).
Build target 'Target 1'
linking...
Program Size: Code=31964 RO-data=368 RW-data=12632 ZI-data=19040  
FromELF: creating hex file...
"SD.axf" - 0 Error(s), 0 Warning(s).
